<?xml version="1.0" encoding="utf-8"?><testsuites name="pytest tests"><testsuite name="pytest" errors="0" failures="0" skipped="0" tests="1" time="0.056" timestamp="2026-09-23T23:18:34.277265-04:00" hostname="DESKTOP-35GOPG2"><testcase classname="tests.test_environment_routing" name="test_api_endpoint_routing" time="0.001" /></testsuite></testsuites>